
> nexusjklu_frontend@0.1.0 build
> next build

▲ Next.js 16.1.6 (Turbopack)
- Environments: .env.local

  Creating an optimized production build ...
node.exe : 
At C:\Program Files\nodejs\npm.ps1:29 char:3
+   & $NODE_EXE $NPM_CLI_JS $args
+   ~~~~~~~~~~~~~~~~~~~~~~~~~~~~~
    + CategoryInfo          : NotSpecified: (: 
   String) [], RemoteException
    + FullyQualifiedErrorId : NativeCommandErr 
   or
 
> Build error occurred
Error: Turbopack build failed with 4 errors:
./app/admin/council/events/page.tsx:7:1
Module not found: Can't resolve 
'react-hot-toast'
[0m [90m  5 |[39m [36mimport[39m { 
useAuth } [36mfrom[39m 
[32m'@/contexts/AuthContext'[39m[33m;[39m
 [90m  6 |[39m [36mimport[39m { 
[33mCalendar[39m[33m,[39m 
[33mSearch[39m[33m,[39m 
[33mCheck[39m[33m,[39m 
[33mX[39m[33m,[39m 
[33mShieldAlert[39m[33m,[39m 
[33mCheckCircle2[39m[33m,[39m 
[33mClock[39m[33m,[39m 
[33mCalendarDays[39m[33m,[39m 
[33mExternalLink[39m } [36mfrom[39m 
[32m'lucide-react'[39m[33m;[39m
[31m[1m>[22m[39m[90m  7 |[39m 
[36mimport[39m { toast } [36mfrom[39m 
[32m'react-hot-toast'[39m[33m;[39m
 [90m    |[39m [31m[1m^[22m[39m[31m[1m^
[22m[39m[31m[1m^[22m[39m[31m[1m^[22m[
39m[31m[1m^[22m[39m[31m[1m^[22m[39m[31
m[1m^[22m[39m[31m[1m^[22m[39m[31m[1m^
[22m[39m[31m[1m^[22m[39m[31m[1m^[22m[3
9m[31m[1m^[22m[39m[31m[1m^[22m[39m[31m
[1m^[22m[39m[31m[1m^[22m[39m[31m[1m^[
22m[39m[31m[1m^[22m[39m[31m[1m^[22m[39
m[31m[1m^[22m[39m[31m[1m^[22m[39m[31m
[1m^[22m[39m[31m[1m^[22m[39m[31m[1m^[2
2m[39m[31m[1m^[22m[39m[31m[1m^[22m[39m
[31m[1m^[22m[39m[31m[1m^[22m[39m[31m[
1m^[22m[39m[31m[1m^[22m[39m[31m[1m^[22
m[39m[31m[1m^[22m[39m[31m[1m^[22m[39m
[31m[1m^[22m[39m[31m[1m^[22m[39m[31m[1
m^[22m[39m[31m[1m^[22m[39m[31m[1m^[22m
[39m[31m[1m^[22m[39m[31m[1m^[22m[39m[
31m[1m^[22m[39m
 [90m  8 |[39m
 [90m  9 |[39m [36mexport[39m 
[36mdefault[39m [36mfunction[39m 
[33mReviewEvents[39m() {
 [90m 10 |[39m     [36mconst[39m { user } 
[33m=[39m useAuth()[33m;[39m[0m



Import traces:
  Client Component Browser:
    ./app/admin/council/events/page.tsx 
[Client Component Browser]
    ./app/admin/council/events/page.tsx 
[Server Component]

  Client Component SSR:
    ./app/admin/council/events/page.tsx 
[Client Component SSR]
    ./app/admin/council/events/page.tsx 
[Server Component]

https://nextjs.org/docs/messages/module-not-fou
nd


./app/admin/learn/papers/page.tsx:7:1
Module not found: Can't resolve 
'react-hot-toast'
[0m [90m  5 |[39m [36mimport[39m { 
useAuth } [36mfrom[39m 
[32m'@/contexts/AuthContext'[39m[33m;[39m
 [90m  6 |[39m [36mimport[39m { 
[33mBookOpen[39m[33m,[39m 
[33mSearch[39m[33m,[39m 
[33mCheck[39m[33m,[39m 
[33mX[39m[33m,[39m 
[33mShieldAlert[39m[33m,[39m 
[33mFileText[39m[33m,[39m 
[33mDownload[39m[33m,[39m 
[33mExternalLink[39m } [36mfrom[39m 
[32m'lucide-react'[39m[33m;[39m
[31m[1m>[22m[39m[90m  7 |[39m 
[36mimport[39m { toast } [36mfrom[39m 
[32m'react-hot-toast'[39m[33m;[39m
 [90m    |[39m [31m[1m^[22m[39m[31m[1m^
[22m[39m[31m[1m^[22m[39m[31m[1m^[22m[
39m[31m[1m^[22m[39m[31m[1m^[22m[39m[31
m[1m^[22m[39m[31m[1m^[22m[39m[31m[1m^
[22m[39m[31m[1m^[22m[39m[31m[1m^[22m[3
9m[31m[1m^[22m[39m[31m[1m^[22m[39m[31m
[1m^[22m[39m[31m[1m^[22m[39m[31m[1m^[
22m[39m[31m[1m^[22m[39m[31m[1m^[22m[39
m[31m[1m^[22m[39m[31m[1m^[22m[39m[31m
[1m^[22m[39m[31m[1m^[22m[39m[31m[1m^[2
2m[39m[31m[1m^[22m[39m[31m[1m^[22m[39m
[31m[1m^[22m[39m[31m[1m^[22m[39m[31m[
1m^[22m[39m[31m[1m^[22m[39m[31m[1m^[22
m[39m[31m[1m^[22m[39m[31m[1m^[22m[39m
[31m[1m^[22m[39m[31m[1m^[22m[39m[31m[1
m^[22m[39m[31m[1m^[22m[39m[31m[1m^[22m
[39m[31m[1m^[22m[39m[31m[1m^[22m[39m[
31m[1m^[22m[39m
 [90m  8 |[39m
 [90m  9 |[39m [36mexport[39m 
[36mdefault[39m [36mfunction[39m 
[33mReviewPapers[39m() {
 [90m 10 |[39m     [36mconst[39m { user } 
[33m=[39m useAuth()[33m;[39m[0m



Import traces:
  Client Component Browser:
    ./app/admin/learn/papers/page.tsx [Client 
Component Browser]
    ./app/admin/learn/papers/page.tsx [Server 
Component]

  Client Component SSR:
    ./app/admin/learn/papers/page.tsx [Client 
Component SSR]
    ./app/admin/learn/papers/page.tsx [Server 
Component]

https://nextjs.org/docs/messages/module-not-fou
nd


./app/admin/users/page.tsx:7:1
Module not found: Can't resolve 
'react-hot-toast'
[0m [90m  5 |[39m [36mimport[39m { 
useAuth } [36mfrom[39m 
[32m'@/contexts/AuthContext'[39m[33m;[39m
 [90m  6 |[39m [36mimport[39m { 
[33mSearch[39m[33m,[39m 
[33mEdit2[39m[33m,[39m 
[33mShieldAlert[39m[33m,[39m 
[33mCheck[39m[33m,[39m 
[33mX[39m[33m,[39m [33mShieldCheck[39m } 
[36mfrom[39m 
[32m'lucide-react'[39m[33m;[39m
[31m[1m>[22m[39m[90m  7 |[39m 
[36mimport[39m { toast } [36mfrom[39m 
[32m'react-hot-toast'[39m[33m;[39m
 [90m    |[39m [31m[1m^[22m[39m[31m[1m^
[22m[39m[31m[1m^[22m[39m[31m[1m^[22m[
39m[31m[1m^[22m[39m[31m[1m^[22m[39m[31
m[1m^[22m[39m[31m[1m^[22m[39m[31m[1m^
[22m[39m[31m[1m^[22m[39m[31m[1m^[22m[3
9m[31m[1m^[22m[39m[31m[1m^[22m[39m[31m
[1m^[22m[39m[31m[1m^[22m[39m[31m[1m^[
22m[39m[31m[1m^[22m[39m[31m[1m^[22m[39
m[31m[1m^[22m[39m[31m[1m^[22m[39m[31m
[1m^[22m[39m[31m[1m^[22m[39m[31m[1m^[2
2m[39m[31m[1m^[22m[39m[31m[1m^[22m[39m
[31m[1m^[22m[39m[31m[1m^[22m[39m[31m[
1m^[22m[39m[31m[1m^[22m[39m[31m[1m^[22
m[39m[31m[1m^[22m[39m[31m[1m^[22m[39m
[31m[1m^[22m[39m[31m[1m^[22m[39m[31m[1
m^[22m[39m[31m[1m^[22m[39m[31m[1m^[22m
[39m[31m[1m^[22m[39m[31m[1m^[22m[39m[
31m[1m^[22m[39m
 [90m  8 |[39m
 [90m  9 |[39m [36minterface[39m 
[33mUser[39m {
 [90m 10 |[39m     _id[33m:[39m 
string[33m;[39m[0m



Import traces:
  Client Component Browser:
    ./app/admin/users/page.tsx [Client 
Component Browser]
    ./app/admin/users/page.tsx [Server 
Component]

  Client Component SSR:
    ./app/admin/users/page.tsx [Client 
Component SSR]
    ./app/admin/users/page.tsx [Server 
Component]

https://nextjs.org/docs/messages/module-not-fou
nd


./app/admin/voice/complaints/page.tsx:7:1
Module not found: Can't resolve 
'react-hot-toast'
[0m [90m  5 |[39m [36mimport[39m { 
useAuth } [36mfrom[39m 
[32m'@/contexts/AuthContext'[39m[33m;[39m
 [90m  6 |[39m [36mimport[39m { 
[33mMessageSquare[39m[33m,[39m 
[33mShieldAlert[39m[33m,[39m 
[33mFileText[39m[33m,[39m 
[33mCheck[39m[33m,[39m 
[33mClock[39m[33m,[39m 
[33mShieldCheck[39m } [36mfrom[39m 
[32m'lucide-react'[39m[33m;[39m
[31m[1m>[22m[39m[90m  7 |[39m 
[36mimport[39m { toast } [36mfrom[39m 
[32m'react-hot-toast'[39m[33m;[39m
 [90m    |[39m [31m[1m^[22m[39m[31m[1m^
[22m[39m[31m[1m^[22m[39m[31m[1m^[22m[
39m[31m[1m^[22m[39m[31m[1m^[22m[39m[31
m[1m^[22m[39m[31m[1m^[22m[39m[31m[1m^
[22m[39m[31m[1m^[22m[39m[31m[1m^[22m[3
9m[31m[1m^[22m[39m[31m[1m^[22m[39m[31m
[1m^[22m[39m[31m[1m^[22m[39m[31m[1m^[
22m[39m[31m[1m^[22m[39m[31m[1m^[22m[39
m[31m[1m^[22m[39m[31m[1m^[22m[39m[31m
[1m^[22m[39m[31m[1m^[22m[39m[31m[1m^[2
2m[39m[31m[1m^[22m[39m[31m[1m^[22m[39m
[31m[1m^[22m[39m[31m[1m^[22m[39m[31m[
1m^[22m[39m[31m[1m^[22m[39m[31m[1m^[22
m[39m[31m[1m^[22m[39m[31m[1m^[22m[39m
[31m[1m^[22m[39m[31m[1m^[22m[39m[31m[1
m^[22m[39m[31m[1m^[22m[39m[31m[1m^[22m
[39m[31m[1m^[22m[39m[31m[1m^[22m[39m[
31m[1m^[22m[39m
 [90m  8 |[39m
 [90m  9 |[39m [36mexport[39m 
[36mdefault[39m [36mfunction[39m 
[33mReviewComplaints[39m() {
 [90m 10 |[39m     [36mconst[39m { user } 
[33m=[39m useAuth()[33m;[39m[0m



Import traces:
  Client Component Browser:
    ./app/admin/voice/complaints/page.tsx 
[Client Component Browser]
    ./app/admin/voice/complaints/page.tsx 
[Server Component]

  Client Component SSR:
    ./app/admin/voice/complaints/page.tsx 
[Client Component SSR]
    ./app/admin/voice/complaints/page.tsx 
[Server Component]

https://nextjs.org/docs/messages/module-not-fou
nd


    at <unknown> 
(./app/admin/council/events/page.tsx:7:1)
    at <unknown> (https://nextjs.org/docs/messa
ges/module-not-found)
    at <unknown> 
(./app/admin/learn/papers/page.tsx:7:1)
    at <unknown> (https://nextjs.org/docs/messa
ges/module-not-found)
    at <unknown> 
(./app/admin/users/page.tsx:7:1)
    at <unknown> (https://nextjs.org/docs/messa
ges/module-not-found)
    at <unknown> 
(./app/admin/voice/complaints/page.tsx:7:1)
    at <unknown> (https://nextjs.org/docs/messa
ges/module-not-found)
